// Jest Snapshot v1, https://goo.gl/fbAQLP

exports[`AppBar should render 1`] = `
<TestProvider>
  <Provider router={{...}} app={{...}} history={{...}}>
    <MuiThemeProviderOld theme={{...}}>
      <inject-WithStyles(Header)>
        <WithStyles(Header) menu={{...}} amp={false} offline={false}>
          <Header menu={{...}} amp={false} offline={false} classes={{...}} MenuIcon={[Function: Injector]} menuIconProps={{...}} menuAlign="left" offlineWarning="Your device lost its internet connection.">
            <div>
              <div className="RSFAppBar-root-1">
                <div className="RSFAppBar-wrap-5">
                  <WithStyles(Toolbar) disableGutters={true} classes={{...}}>
                    <Toolbar disableGutters={true} classes={{...}} variant="regular">
                      <div className="MuiToolbar-root-12 RSFAppBar-toolBar-4 MuiToolbar-regular-14">
                        <Hidden mdUp={true} implementation="css" lgDown={false} lgUp={false} mdDown={false} smDown={false} smUp={false} xlDown={false} xlUp={false} xsDown={false} xsUp={false}>
                          <WithStyles(HiddenCss) mdUp={true} lgDown={false} lgUp={false} mdDown={false} smDown={false} smUp={false} xlDown={false} xlUp={false} xsDown={false} xsUp={false}>
                            <HiddenCss mdUp={true} lgDown={false} lgUp={false} mdDown={false} smDown={false} smUp={false} xlDown={false} xlUp={false} xsDown={false} xsUp={false} classes={{...}}>
                              <div className="MuiPrivateHiddenCss-mdUp-23">
                                <a on="tap:AMP.setState({ menuOpen: !menuOpen, list: \\'@\\' }),moov_menu.toggle" className="RSFAppBar-link-11">
                                  <WithStyles(ToolbarButton) aria-label="Menu" color="inherit" onClick={[Function]} icon={{...}}>
                                    <ToolbarButton aria-label="Menu" color="inherit" onClick={[Function]} icon={{...}} classes={{...}}>
                                      <WithStyles(IconButton) classes={{...}} aria-label="Menu" color="inherit" onClick={[Function]}>
                                        <IconButton aria-label="Menu" color="inherit" onClick={[Function]} classes={{...}} disabled={false}>
                                          <WithStyles(ButtonBase) className="MuiIconButton-root-32 MuiIconButton-colorInherit-33" centerRipple={true} focusRipple={true} disabled={false} aria-label="Menu" onClick={[Function]}>
                                            <ButtonBase className="MuiIconButton-root-32 MuiIconButton-colorInherit-33" centerRipple={true} focusRipple={true} disabled={false} aria-label="Menu" onClick={[Function]} classes={{...}} component="button" disableRipple={false} disableTouchRipple={false} tabIndex="0" type="button">
                                              <button className="MuiButtonBase-root-38 MuiIconButton-root-32 MuiIconButton-colorInherit-33" onBlur={[Function]} onFocus={[Function]} onKeyDown={[Function]} onKeyUp={[Function]} onMouseDown={[Function]} onMouseLeave={[Function]} onMouseUp={[Function]} onTouchEnd={[Function]} onTouchMove={[Function]} onTouchStart={[Function]} tabIndex="0" type="button" disabled={false} aria-label="Menu" onClick={[Function]}>
                                                <span className="MuiIconButton-label-37">
                                                  <div className="RSFToolbarButton-wrap-31">
                                                    <inject-WithStyles(MenuIcon)-with-app open={false}>
                                                      <WithStyles(MenuIcon) open={false} app={{...}}>
                                                        <MenuIcon open={false} app={{...}} classes={{...}} label={true}>
                                                          <div className="RSFMenuIcon-root-41 RSFMenuIcon-withLabel-43">
                                                            <div className="rsf-hamburger">
                                                              <span className="rsf-hamburger-box">
                                                                <span className="rsf-hamburger-inner" />
                                                              </span>
                                                            </div>
                                                            <div className="RSFMenuIcon-label-46">
                                                              menu
                                                            </div>
                                                          </div>
                                                        </MenuIcon>
                                                      </WithStyles(MenuIcon)>
                                                    </inject-WithStyles(MenuIcon)-with-app>
                                                    <div />
                                                  </div>
                                                </span>
                                                <NoSsr defer={false} fallback={{...}}>
                                                  <WithStyles(TouchRipple) innerRef={[Function]} center={true}>
                                                    <TouchRipple center={true} classes={{...}}>
                                                      <TransitionGroup component="span" enter={true} exit={true} className="MuiTouchRipple-root-47" childFactory={[Function: childFactory]}>
                                                        <span className="MuiTouchRipple-root-47" />
                                                      </TransitionGroup>
                                                    </TouchRipple>
                                                  </WithStyles(TouchRipple)>
                                                </NoSsr>
                                              </button>
                                            </ButtonBase>
                                          </WithStyles(ButtonBase)>
                                        </IconButton>
                                      </WithStyles(IconButton)>
                                    </ToolbarButton>
                                  </WithStyles(ToolbarButton)>
                                </a>
                              </div>
                            </HiddenCss>
                          </WithStyles(HiddenCss)>
                        </Hidden>
                      </div>
                    </Toolbar>
                  </WithStyles(Toolbar)>
                </div>
              </div>
            </div>
          </Header>
        </WithStyles(Header)>
      </inject-WithStyles(Header)>
    </MuiThemeProviderOld>
  </Provider>
</TestProvider>
`;
