// Jest Snapshot v1, https://goo.gl/fbAQLP

exports[`AmpSimpleMenu should match simple AMP menu snap 1`] = `
<TestProvider app={{...}}>
  <Provider router={{...}} app={{...}} history={{...}} nextId={[Function: nextId]}>
    <MuiThemeProviderOld theme={{...}}>
      <WithTheme(WithStyles(inject-Menu-with-app)) simple={true}>
        <WithStyles(inject-Menu-with-app) theme={{...}} simple={true}>
          <inject-Menu-with-app theme={{...}} simple={true} classes={{...}}>
            <Menu theme={{...}} simple={true} classes={{...}} app={{...}} drawerWidth={330} expandFirstItem={false} align="left" trackSelected={false}>
              <WithTheme(WithStyles(inject-AmpSimpleMenu)) theme={{...}} simple={true} classes={{...}} app={{...}} drawerWidth={330} expandFirstItem={false} align="left" trackSelected={false}>
                <WithStyles(inject-AmpSimpleMenu) theme={{...}} simple={true} classes={{...}} app={{...}} drawerWidth={330} expandFirstItem={false} align="left" trackSelected={false}>
                  <inject-AmpSimpleMenu theme={{...}} simple={true} app={{...}} drawerWidth={330} expandFirstItem={false} align="left" trackSelected={false} classes={{...}}>
                    <AmpSimpleMenu theme={{...}} simple={true} app={{...}} drawerWidth={330} expandFirstItem={false} align="left" trackSelected={false} classes={{...}} menu={{...}} id="moov_menu">
                      <HelmetWrapper defer={true} encodeSpecialCharacters={true}>
                        <SideEffect(NullComponent) defer={true} encodeSpecialCharacters={true} script={{...}} style={{...}}>
                          <NullComponent defer={true} encodeSpecialCharacters={true} script={{...}} style={{...}} />
                        </SideEffect(NullComponent)>
                      </HelmetWrapper>
                      <amp-sidebar id="moov_menu" class="RSFAmpSimpleMenu-root-106" layout="nodisplay" side="left" on="sidebarClose:AMP.setState({ rsfMenu: { open: false } })">
                        <section>
                          <div>
                            <amp-accordion disable-session-states={true}>
                              <section>
                                <WithStyles(Typography) variant="body1" component="h3" className="RSFAmpSimpleMenu-item-107 RSFAmpSimpleMenu-group-108 group-1">
                                  <Typography variant="body1" component="h3" className="RSFAmpSimpleMenu-item-107 RSFAmpSimpleMenu-group-108 group-1" theme={{...}} classes={{...}} align="inherit" color="default" gutterBottom={false} headlineMapping={{...}} noWrap={false} paragraph={false}>
                                    <h3 className="MuiTypography-root-112 MuiTypography-body1-121 RSFAmpSimpleMenu-item-107 RSFAmpSimpleMenu-group-108 group-1">
                                      Group 1
                                      <pure(ExpandLessIcon) className="RSFAmpSimpleMenu-toggle-109 RSFAmpSimpleMenu-collapse-111">
                                        <ExpandLessIcon className="RSFAmpSimpleMenu-toggle-109 RSFAmpSimpleMenu-collapse-111">
                                          <WithStyles(SvgIcon) className="RSFAmpSimpleMenu-toggle-109 RSFAmpSimpleMenu-collapse-111">
                                            <SvgIcon className="RSFAmpSimpleMenu-toggle-109 RSFAmpSimpleMenu-collapse-111" classes={{...}} color="inherit" component="svg" fontSize="default" viewBox="0 0 24 24">
                                              <svg className="MuiSvgIcon-root-147 RSFAmpSimpleMenu-toggle-109 RSFAmpSimpleMenu-collapse-111" focusable="false" viewBox="0 0 24 24" color={[undefined]} aria-hidden="true" role="presentation">
                                                <path d="M12 8l-6 6 1.41 1.41L12 10.83l4.59 4.58L18 14z" />
                                                <path fill="none" d="M0 0h24v24H0z" />
                                              </svg>
                                            </SvgIcon>
                                          </WithStyles(SvgIcon)>
                                        </ExpandLessIcon>
                                      </pure(ExpandLessIcon)>
                                      <pure(ExpandMoreIcon) className="RSFAmpSimpleMenu-toggle-109 RSFAmpSimpleMenu-expand-110">
                                        <ExpandMoreIcon className="RSFAmpSimpleMenu-toggle-109 RSFAmpSimpleMenu-expand-110">
                                          <WithStyles(SvgIcon) className="RSFAmpSimpleMenu-toggle-109 RSFAmpSimpleMenu-expand-110">
                                            <SvgIcon className="RSFAmpSimpleMenu-toggle-109 RSFAmpSimpleMenu-expand-110" classes={{...}} color="inherit" component="svg" fontSize="default" viewBox="0 0 24 24">
                                              <svg className="MuiSvgIcon-root-147 RSFAmpSimpleMenu-toggle-109 RSFAmpSimpleMenu-expand-110" focusable="false" viewBox="0 0 24 24" color={[undefined]} aria-hidden="true" role="presentation">
                                                <path d="M16.59 8.59L12 13.17 7.41 8.59 6 10l6 6 6-6z" />
                                                <path fill="none" d="M0 0h24v24H0z" />
                                              </svg>
                                            </SvgIcon>
                                          </WithStyles(SvgIcon)>
                                        </ExpandMoreIcon>
                                      </pure(ExpandMoreIcon)>
                                    </h3>
                                  </Typography>
                                </WithStyles(Typography)>
                                <div>
                                  <amp-accordion disable-session-states={true}>
                                    <section>
                                      <WithStyles(Typography) variant="body1" component="h3" className="RSFAmpSimpleMenu-item-107 RSFAmpSimpleMenu-group-108">
                                        <Typography variant="body1" component="h3" className="RSFAmpSimpleMenu-item-107 RSFAmpSimpleMenu-group-108" theme={{...}} classes={{...}} align="inherit" color="default" gutterBottom={false} headlineMapping={{...}} noWrap={false} paragraph={false}>
                                          <h3 className="MuiTypography-root-112 MuiTypography-body1-121 RSFAmpSimpleMenu-item-107 RSFAmpSimpleMenu-group-108">
                                            Item 1
                                            <pure(ExpandLessIcon) className="RSFAmpSimpleMenu-toggle-109 RSFAmpSimpleMenu-collapse-111">
                                              <ExpandLessIcon className="RSFAmpSimpleMenu-toggle-109 RSFAmpSimpleMenu-collapse-111">
                                                <WithStyles(SvgIcon) className="RSFAmpSimpleMenu-toggle-109 RSFAmpSimpleMenu-collapse-111">
                                                  <SvgIcon className="RSFAmpSimpleMenu-toggle-109 RSFAmpSimpleMenu-collapse-111" classes={{...}} color="inherit" component="svg" fontSize="default" viewBox="0 0 24 24">
                                                    <svg className="MuiSvgIcon-root-147 RSFAmpSimpleMenu-toggle-109 RSFAmpSimpleMenu-collapse-111" focusable="false" viewBox="0 0 24 24" color={[undefined]} aria-hidden="true" role="presentation">
                                                      <path d="M12 8l-6 6 1.41 1.41L12 10.83l4.59 4.58L18 14z" />
                                                      <path fill="none" d="M0 0h24v24H0z" />
                                                    </svg>
                                                  </SvgIcon>
                                                </WithStyles(SvgIcon)>
                                              </ExpandLessIcon>
                                            </pure(ExpandLessIcon)>
                                            <pure(ExpandMoreIcon) className="RSFAmpSimpleMenu-toggle-109 RSFAmpSimpleMenu-expand-110">
                                              <ExpandMoreIcon className="RSFAmpSimpleMenu-toggle-109 RSFAmpSimpleMenu-expand-110">
                                                <WithStyles(SvgIcon) className="RSFAmpSimpleMenu-toggle-109 RSFAmpSimpleMenu-expand-110">
                                                  <SvgIcon className="RSFAmpSimpleMenu-toggle-109 RSFAmpSimpleMenu-expand-110" classes={{...}} color="inherit" component="svg" fontSize="default" viewBox="0 0 24 24">
                                                    <svg className="MuiSvgIcon-root-147 RSFAmpSimpleMenu-toggle-109 RSFAmpSimpleMenu-expand-110" focusable="false" viewBox="0 0 24 24" color={[undefined]} aria-hidden="true" role="presentation">
                                                      <path d="M16.59 8.59L12 13.17 7.41 8.59 6 10l6 6 6-6z" />
                                                      <path fill="none" d="M0 0h24v24H0z" />
                                                    </svg>
                                                  </SvgIcon>
                                                </WithStyles(SvgIcon)>
                                              </ExpandMoreIcon>
                                            </pure(ExpandMoreIcon)>
                                          </h3>
                                        </Typography>
                                      </WithStyles(Typography)>
                                      <div>
                                        <WithStyles(inject-Link) className="RSFAmpSimpleMenu-item-107" to="/item1/child1">
                                          <inject-Link className="RSFAmpSimpleMenu-item-107" to="/item1/child1" classes={{...}}>
                                            <Link className="RSFAmpSimpleMenu-item-107" to="/item1/child1" classes={{...}} history={{...}} router={{...}} app={{...}} anchorProps={{...}} preserveScroll={false}>
                                              <a data-moov-link="on" className="RSFLink-root-156 RSFAmpSimpleMenu-item-107" style={[undefined]} onClick={[Function]} href="https://localhost/item1/child1">
                                                <WithStyles(ListItemText)>
                                                  <ListItemText classes={{...}} disableTypography={false} inset={false}>
                                                    <div className="MuiListItemText-root-157">
                                                      <WithStyles(Typography) variant="subheading" internalDeprecatedVariant={true} className="MuiListItemText-primary-160" component="span">
                                                        <Typography variant="subheading" internalDeprecatedVariant={true} className="MuiListItemText-primary-160" component="span" theme={{...}} classes={{...}} align="inherit" color="default" gutterBottom={false} headlineMapping={{...}} noWrap={false} paragraph={false}>
                                                          <span className="MuiTypography-root-112 MuiTypography-subtitle1-130 MuiListItemText-primary-160">
                                                            Child 1
                                                          </span>
                                                        </Typography>
                                                      </WithStyles(Typography)>
                                                    </div>
                                                  </ListItemText>
                                                </WithStyles(ListItemText)>
                                              </a>
                                            </Link>
                                          </inject-Link>
                                        </WithStyles(inject-Link)>
                                      </div>
                                    </section>
                                  </amp-accordion>
                                </div>
                              </section>
                            </amp-accordion>
                            <amp-accordion disable-session-states={true}>
                              <section>
                                <WithStyles(Typography) variant="body1" component="h3" className="RSFAmpSimpleMenu-item-107 RSFAmpSimpleMenu-group-108 group-2">
                                  <Typography variant="body1" component="h3" className="RSFAmpSimpleMenu-item-107 RSFAmpSimpleMenu-group-108 group-2" theme={{...}} classes={{...}} align="inherit" color="default" gutterBottom={false} headlineMapping={{...}} noWrap={false} paragraph={false}>
                                    <h3 className="MuiTypography-root-112 MuiTypography-body1-121 RSFAmpSimpleMenu-item-107 RSFAmpSimpleMenu-group-108 group-2">
                                      Group 2
                                      <pure(ExpandLessIcon) className="RSFAmpSimpleMenu-toggle-109 RSFAmpSimpleMenu-collapse-111">
                                        <ExpandLessIcon className="RSFAmpSimpleMenu-toggle-109 RSFAmpSimpleMenu-collapse-111">
                                          <WithStyles(SvgIcon) className="RSFAmpSimpleMenu-toggle-109 RSFAmpSimpleMenu-collapse-111">
                                            <SvgIcon className="RSFAmpSimpleMenu-toggle-109 RSFAmpSimpleMenu-collapse-111" classes={{...}} color="inherit" component="svg" fontSize="default" viewBox="0 0 24 24">
                                              <svg className="MuiSvgIcon-root-147 RSFAmpSimpleMenu-toggle-109 RSFAmpSimpleMenu-collapse-111" focusable="false" viewBox="0 0 24 24" color={[undefined]} aria-hidden="true" role="presentation">
                                                <path d="M12 8l-6 6 1.41 1.41L12 10.83l4.59 4.58L18 14z" />
                                                <path fill="none" d="M0 0h24v24H0z" />
                                              </svg>
                                            </SvgIcon>
                                          </WithStyles(SvgIcon)>
                                        </ExpandLessIcon>
                                      </pure(ExpandLessIcon)>
                                      <pure(ExpandMoreIcon) className="RSFAmpSimpleMenu-toggle-109 RSFAmpSimpleMenu-expand-110">
                                        <ExpandMoreIcon className="RSFAmpSimpleMenu-toggle-109 RSFAmpSimpleMenu-expand-110">
                                          <WithStyles(SvgIcon) className="RSFAmpSimpleMenu-toggle-109 RSFAmpSimpleMenu-expand-110">
                                            <SvgIcon className="RSFAmpSimpleMenu-toggle-109 RSFAmpSimpleMenu-expand-110" classes={{...}} color="inherit" component="svg" fontSize="default" viewBox="0 0 24 24">
                                              <svg className="MuiSvgIcon-root-147 RSFAmpSimpleMenu-toggle-109 RSFAmpSimpleMenu-expand-110" focusable="false" viewBox="0 0 24 24" color={[undefined]} aria-hidden="true" role="presentation">
                                                <path d="M16.59 8.59L12 13.17 7.41 8.59 6 10l6 6 6-6z" />
                                                <path fill="none" d="M0 0h24v24H0z" />
                                              </svg>
                                            </SvgIcon>
                                          </WithStyles(SvgIcon)>
                                        </ExpandMoreIcon>
                                      </pure(ExpandMoreIcon)>
                                    </h3>
                                  </Typography>
                                </WithStyles(Typography)>
                                <div>
                                  <amp-accordion disable-session-states={true}>
                                    <section>
                                      <WithStyles(Typography) variant="body1" component="h3" className="RSFAmpSimpleMenu-item-107 RSFAmpSimpleMenu-group-108">
                                        <Typography variant="body1" component="h3" className="RSFAmpSimpleMenu-item-107 RSFAmpSimpleMenu-group-108" theme={{...}} classes={{...}} align="inherit" color="default" gutterBottom={false} headlineMapping={{...}} noWrap={false} paragraph={false}>
                                          <h3 className="MuiTypography-root-112 MuiTypography-body1-121 RSFAmpSimpleMenu-item-107 RSFAmpSimpleMenu-group-108">
                                            Item 2
                                            <pure(ExpandLessIcon) className="RSFAmpSimpleMenu-toggle-109 RSFAmpSimpleMenu-collapse-111">
                                              <ExpandLessIcon className="RSFAmpSimpleMenu-toggle-109 RSFAmpSimpleMenu-collapse-111">
                                                <WithStyles(SvgIcon) className="RSFAmpSimpleMenu-toggle-109 RSFAmpSimpleMenu-collapse-111">
                                                  <SvgIcon className="RSFAmpSimpleMenu-toggle-109 RSFAmpSimpleMenu-collapse-111" classes={{...}} color="inherit" component="svg" fontSize="default" viewBox="0 0 24 24">
                                                    <svg className="MuiSvgIcon-root-147 RSFAmpSimpleMenu-toggle-109 RSFAmpSimpleMenu-collapse-111" focusable="false" viewBox="0 0 24 24" color={[undefined]} aria-hidden="true" role="presentation">
                                                      <path d="M12 8l-6 6 1.41 1.41L12 10.83l4.59 4.58L18 14z" />
                                                      <path fill="none" d="M0 0h24v24H0z" />
                                                    </svg>
                                                  </SvgIcon>
                                                </WithStyles(SvgIcon)>
                                              </ExpandLessIcon>
                                            </pure(ExpandLessIcon)>
                                            <pure(ExpandMoreIcon) className="RSFAmpSimpleMenu-toggle-109 RSFAmpSimpleMenu-expand-110">
                                              <ExpandMoreIcon className="RSFAmpSimpleMenu-toggle-109 RSFAmpSimpleMenu-expand-110">
                                                <WithStyles(SvgIcon) className="RSFAmpSimpleMenu-toggle-109 RSFAmpSimpleMenu-expand-110">
                                                  <SvgIcon className="RSFAmpSimpleMenu-toggle-109 RSFAmpSimpleMenu-expand-110" classes={{...}} color="inherit" component="svg" fontSize="default" viewBox="0 0 24 24">
                                                    <svg className="MuiSvgIcon-root-147 RSFAmpSimpleMenu-toggle-109 RSFAmpSimpleMenu-expand-110" focusable="false" viewBox="0 0 24 24" color={[undefined]} aria-hidden="true" role="presentation">
                                                      <path d="M16.59 8.59L12 13.17 7.41 8.59 6 10l6 6 6-6z" />
                                                      <path fill="none" d="M0 0h24v24H0z" />
                                                    </svg>
                                                  </SvgIcon>
                                                </WithStyles(SvgIcon)>
                                              </ExpandMoreIcon>
                                            </pure(ExpandMoreIcon)>
                                          </h3>
                                        </Typography>
                                      </WithStyles(Typography)>
                                      <div>
                                        <WithStyles(inject-Link) className="RSFAmpSimpleMenu-item-107" to="/item2/child2">
                                          <inject-Link className="RSFAmpSimpleMenu-item-107" to="/item2/child2" classes={{...}}>
                                            <Link className="RSFAmpSimpleMenu-item-107" to="/item2/child2" classes={{...}} history={{...}} router={{...}} app={{...}} anchorProps={{...}} preserveScroll={false}>
                                              <a data-moov-link="on" className="RSFLink-root-156 RSFAmpSimpleMenu-item-107" style={[undefined]} onClick={[Function]} href="https://localhost/item2/child2">
                                                <WithStyles(ListItemText)>
                                                  <ListItemText classes={{...}} disableTypography={false} inset={false}>
                                                    <div className="MuiListItemText-root-157">
                                                      <WithStyles(Typography) variant="subheading" internalDeprecatedVariant={true} className="MuiListItemText-primary-160" component="span">
                                                        <Typography variant="subheading" internalDeprecatedVariant={true} className="MuiListItemText-primary-160" component="span" theme={{...}} classes={{...}} align="inherit" color="default" gutterBottom={false} headlineMapping={{...}} noWrap={false} paragraph={false}>
                                                          <span className="MuiTypography-root-112 MuiTypography-subtitle1-130 MuiListItemText-primary-160">
                                                            Child 2
                                                          </span>
                                                        </Typography>
                                                      </WithStyles(Typography)>
                                                    </div>
                                                  </ListItemText>
                                                </WithStyles(ListItemText)>
                                              </a>
                                            </Link>
                                          </inject-Link>
                                        </WithStyles(inject-Link)>
                                      </div>
                                    </section>
                                  </amp-accordion>
                                </div>
                              </section>
                            </amp-accordion>
                          </div>
                        </section>
                      </amp-sidebar>
                    </AmpSimpleMenu>
                  </inject-AmpSimpleMenu>
                </WithStyles(inject-AmpSimpleMenu)>
              </WithTheme(WithStyles(inject-AmpSimpleMenu))>
            </Menu>
          </inject-Menu-with-app>
        </WithStyles(inject-Menu-with-app)>
      </WithTheme(WithStyles(inject-Menu-with-app))>
    </MuiThemeProviderOld>
  </Provider>
</TestProvider>
`;
